  teal: record_chargeback {"amount": 1000.00, "balance": 2000.00, "entryId": "le_cb_dp_teal", "success": t · hold {"held": true, "changed": true, "success": true}
  hazel: record_chargeback {"amount": 1000.00, "balance": 2000.00, "entryId": "le_cb_dp_hazel", "success":  · hold {"changed": false, "success": true}
  fern: record_chargeback {"amount": 1000.00, "balance": 2000.00, "entryId": "le_cb_dp_fern", "success": t · hold {"changed": false, "success": true}
  owes: Teal $2000, Hazel $2000, Fern $2000, Olive $500
D1  Batch Charge
  window: "Batch Charge — 3 Families×This will charge 3 families for a total of $4,500 using their saved cards.Fern$2,000Hazel$2,000Olive$500Not charged — a payment is disputed: Teal. Autopay is paused for them too; resume it from their row once the dispute is settled.⚠ This action will charge real credit cards. Proceed with caution.CancelSave"
  ok  D1a Teal (autopay paused) is not in the charge list and is named as disputed   → Batch Charge — 3 Families×This will charge 3 families for a total of $4,500 using their saved cards.Fern$2,000Hazel$2,000Olive$500
  ok  D1b Olive (control) is in the charge list   → Batch Charge — 3 Families×This will charge 3 families for a total of $4,500 using their saved cards.Fern$2,000Hazel$2,000Olive$500
  BAD D1c Hazel (pays by hand; payment disputed) is not in the charge list   → Batch Charge — 3 Families×This will charge 3 families for a total of $4,500 using their saved cards.Fern$2,000Hazel$2,000Olive$500
  BAD D1d Fern (no plan; payment disputed) is not in the charge list   → Batch Charge — 3 Families×This will charge 3 families for a total of $4,500 using their saved cards.Fern$2,000Hazel$2,000Olive$500
D2  Charge Card with an amount, per family (recorder in place of stripe-charge)
  teal: result {"ok":false,"disputed":true,"error":"Teal is disputing a payment with their bank — nothing is charged until that is settled. Once it is, click “Autopay paused” ; reached stripe-charge: 0
  ok  D2 teal (payment disputed) never reaches stripe-charge
  hazel: result {"ok":false,"error":"ted probe: not sent","uncertain":false}; reached stripe-charge: 1
  BAD D2 hazel (payment disputed) never reaches stripe-charge   → stripe-charge {"customerId":"cus_hazel","paymentMethodId":"pm_hazel","amount":500,"currency":"usd","description":"probe","metadata":{"familyName":"Hazel","famil
  fern: result {"ok":false,"error":"ted probe: not sent","uncertain":false}; reached stripe-charge: 1
  BAD D2 fern (payment disputed) never reaches stripe-charge   → stripe-charge {"customerId":"cus_fern","paymentMethodId":"pm_fern","amount":500,"currency":"usd","description":"probe","metadata":{"familyName":"Fern","familyKe
  olive: result {"ok":false,"error":"ted probe: not sent","uncertain":false}; reached stripe-charge: 1
  ok  D2 control Olive reaches stripe-charge   → 1
D3  what Billing shows on Hazel / Fern
  Teal: "TealTeal KidPending · Autopay paused — a payment is disputed with the bankOn$2,000View"
  Hazel: "HazelHazel KidPending—$2,000ViewOliveOlive KidPending—$500ViewTealTeal KidPending · Autopay paused — a payment is disputed with the bankOn$2,000View"
  Fern: "FernFern KidPending—$2,000ViewHazelHazel KidPending—$2,000ViewOliveOlive KidPending—$500ViewTealTeal KidPending · Autopay paused — a payment is disputed with the bankOn$2,000View"
page errors: []

4 BAD
