
> daily-camp-schedular@0.0.0 test:pg
> bash scripts/run_pgtests.sh

  ok     200_applications_out_of_the_blob
  ok     208_payments_into_rows
  ok     210_payments_read_from_rows
  ok     211_families_into_rows
  ok     212_families_read_from_rows
  ok     213_payments_row_truth
  ok     214_family_writers_row_truth
  ok     215_payment_family_writers
  ok     216_camp_people_identity
  ok     217_canteen_accounts_into_rows
  ok     218_canteen_read_from_rows
  ok     219_canteen_row_truth
  ok     222_deleting_a_camp_deletes_its_data
  ok     223_every_camper_reference_gets_an_id
  ok     224_ownership_decided_on_ids
  ok     225_parent_submissions_run_on_ids
  ok     226_face_consent_follows_the_person
  ok     227_the_canteen_follows_the_person
  ok     229_four_canteen_writers_that_always_failed
  ok     230_a_parent_shop_order_records_what_it_took
  ok     231_the_last_four_canteen_writers_on_the_shared_gate
  ok     232_an_invite_cannot_inherit_a_stranger
  ok     233_two_money_writers_calling_nothing
  ok     234_families_and_shop_orders_on_ids
  ok     235_the_last_four_functions_that_only_knew_a_name
  ok     236_attributing_the_names_no_rule_can_resolve
  ok     237_a_departed_campers_number_is_not_reused
  ok     238_the_ledger_moves_with_the_person
  ok     239_a_stranger_cannot_settle_another_camps_order
  ok     240_the_canteen_desk_writes_to_the_cloud
  ok     242_offline_register_sales_reach_the_ledger
  ok     243_the_nightly_reload_reads_the_rows
  ok     244_a_new_child_does_not_inherit_a_renamed_childs_account
  ok     245_the_canteen_ledger_is_read_from_its_rows
  ok     246_balances_read_payments_from_their_rows
  ok     247_the_register_charges_a_person
  ok     248_every_camper_function_takes_an_id
  ok     249_a_parent_knows_their_childrens_ids
  ok     250_canteen_refunds_can_read_what_they_refund
  ok     251_camper_mail_finds_the_camper_by_id
  ok     252_a_tip_cart_remembers_the_camper
  ok     253_one_number_one_camper
  ok     254_erasing_a_camper_frees_their_number
  ok     255_a_parents_family_is_found_by_camper_number
  ok     256_faces_and_photos_go_by_camper_number
  ok     257_a_number_reaches_its_own_camper
  ok     258_a_parent_sees_only_their_own_child
  ok     259_a_roster_key_belongs_to_one_child
  ok     260_numbers_stay_with_their_child
  ok     261_only_the_camp_office_writes_parent_invites
  ok     262_autopay_waits_for_a_bank_debit
  ok     263_a_cancelled_charge_leaves_the_ledger
  ok     264_a_plan_charges_the_amounts_the_office_set
  ok     265_a_bank_deposit_reaches_the_ledger
  ok     266_an_old_tab_cannot_undo_the_server
  ok     267_a_converted_charge_knows_its_charge
  ok     268_a_cut_off_charge_can_be_tried_again
  ok     269_every_plan_can_hold_a_bank_debit
  ok     270_money_notices_for_billing_only
  ok     271_parents_see_what_the_server_records
  ok     272_an_old_tab_keeps_the_shops_charges
  ok     273_a_refund_is_released_only_when_it_is_old
  ok     275_a_canteen_refund_takes_its_money_first
  ok     276_an_unanswered_autopay_charge_waits_for_the_office
  ok     277_billing_answers_only_its_own_camp
  ok     278_a_refund_that_fails_later_puts_the_money_back
  ok     279_a_stripe_autopay_answer_is_checked_with_stripe

67 passed, 0 failed — against 126 migrations, one database copy per test
