functions a signed-in browser may call that touch money: 99
DEFINER _admin_backfill_saved_payment_methods(uuid)                                                     gates: NONE
DEFINER _credit_canteen_balance_from_processor__by_name(uuid,text,numeric,text,text,text)               gates: NONE
DEFINER _credit_canteen_balance_from_stripe__by_name(uuid,text,numeric,text)                            gates: NONE
DEFINER _deposit_can_admin(uuid)                                                                        gates: owner,uid
invoker _deposit_charge_count(jsonb)                                                                    gates: NONE
invoker _enforce_processor_conformance()                                                                gates: NONE
invoker _erase_keeps_money_keys()                                                                       gates: NONE
invoker _erase_keeps_money_tables()                                                                     gates: NONE
invoker _functions_that_must_pin()                                                                      gates: NONE
DEFINER _get_canteen_history__by_name(uuid,text,text,integer)                                           gates: staff,parent
invoker _person_reference_columns()                                                                     gates: NONE
DEFINER add_payer_alias(uuid,text,text,text,text,text,text,text)                                        gates: uid
DEFINER attribute_camper_name(uuid,text,bigint,boolean)                                                 gates: isAdmin,uid
invoker camp_payment_identity(jsonb)                                                                    gates: NONE
DEFINER camper_name_candidates(uuid)                                                                    gates: isAdmin,uid
DEFINER camper_returns_as(uuid,text,bigint,boolean)                                                     gates: isAdmin,uid
DEFINER canteen_account_key_for(uuid,text)                                                              gates: NONE
DEFINER canteen_office_cash_out(uuid,text,numeric,text,text,text,bigint)                                gates: NONE
DEFINER canteen_office_credit(uuid,text,numeric,text,text,text,bigint)                                  gates: NONE
DEFINER canteen_office_import_offline(uuid,jsonb)                                                       gates: NONE
DEFINER canteen_office_set_limit(uuid,text,numeric,bigint)                                              gates: NONE
DEFINER canteen_season_closeout(uuid,bigint,text,numeric,text)                                          gates: staff,section,uid
DEFINER canteen_void_sale(uuid,text,jsonb,text)                                                         gates: uid
DEFINER convert_family_ledgers(uuid,boolean)                                                            gates: uid
DEFINER credit_canteen_balance_from_stripe(uuid,text,numeric,text,bigint)                               gates: NONE
DEFINER delete_bank_template(uuid,text)                                                                 gates: NONE
DEFINER delete_payer_alias(uuid,uuid)                                                                   gates: NONE
invoker family_covers_deposit(jsonb,uuid,numeric,text)                                                  gates: NONE
invoker family_has_tuition_entry(jsonb,text)                                                            gates: NONE
invoker family_ledger_balance(jsonb)                                                                    gates: NONE
invoker family_ledger_summary(jsonb)                                                                    gates: NONE
DEFINER flag_expiring_cards(uuid,date,integer)                                                          gates: NONE
DEFINER get_bank_deposits(uuid,text,integer)                                                            gates: NONE
DEFINER get_bank_templates(uuid)                                                                        gates: NONE
DEFINER get_camp_deposit_credits(uuid)                                                                  gates: NONE
DEFINER get_camp_deposit_settings(uuid)                                                                 gates: NONE
DEFINER get_camp_families(uuid)                                                                         gates: staff,section,uid
DEFINER get_camp_payment_processor_status(uuid)                                                         gates: owner,uid
DEFINER get_camp_payments(uuid)                                                                         gates: staff,section,uid
DEFINER get_canteen_accounts(uuid)                                                                      gates: staff,parent
DEFINER get_my_balance_derived(uuid)                                                                    gates: parent,uid
DEFINER get_my_saved_payment_methods(uuid)                                                              gates: parent,uid
DEFINER get_my_shop_orders(uuid)                                                                        gates: parent,uid
DEFINER get_payer_aliases(uuid)                                                                         gates: NONE
DEFINER get_public_form_config(uuid,text)                                                               gates: NONE
DEFINER get_public_pay_ability(uuid)                                                                    gates: NONE
DEFINER ignore_bank_deposit(uuid,uuid,text)                                                             gates: uid
invoker is_money_notice(text)                                                                           gates: NONE
DEFINER learn_template_from_correction(uuid,text,jsonb,text,boolean)                                    gates: NONE
DEFINER list_departed_campers(uuid)                                                                     gates: isAdmin,uid
invoker payment_ledger_entry(jsonb)                                                                     gates: NONE
invoker payment_ref_of(jsonb)                                                                           gates: NONE
invoker payment_refs_of(jsonb)                                                                          gates: NONE
invoker plan_due(jsonb,jsonb,text)                                                                      gates: NONE
invoker processor_required_capabilities()                                                               gates: NONE
invoker projected_family_ledger(uuid,text)                                                              gates: NONE
invoker projected_family_payments(uuid,text)                                                            gates: NONE
DEFINER remove_payment_method(uuid,text)                                                                gates: parent,uid
DEFINER report_plan_undercollection(uuid)                                                               gates: uid
DEFINER resolve_bank_deposit(uuid,uuid,text,boolean,text)                                               gates: uid
DEFINER resolve_unconfirmed_autopay(uuid,text,text,boolean,text)                                        gates: staff,section,uid
DEFINER save_bank_template(uuid,text,text,jsonb,text,boolean)                                           gates: uid
DEFINER set_camp_deposit_settings(uuid,boolean,boolean,integer,integer,integer,text[],boolean)          gates: NONE
DEFINER set_canteen_auto_reload(uuid,text,jsonb,bigint)                                                 gates: parent,uid
DEFINER set_canteen_limits(text,numeric,numeric,numeric,uuid,bigint)                                    gates: parent,uid
DEFINER set_card_fee_policy(uuid,jsonb)                                                                 gates: uid
DEFINER set_default_payment_method(uuid,text)                                                           gates: parent,uid
DEFINER set_family_balance_snapshot(uuid,jsonb)                                                         gates: NONE
DEFINER set_my_payment_plan(uuid,jsonb,jsonb)                                                           gates: parent,uid
DEFINER settle_shop_order(uuid,text,text,numeric,boolean)                                               gates: staff,ownCamp,role
DEFINER submit_canteen_deposit(text,numeric,uuid,bigint)                                                gates: parent,uid
DEFINER submit_canteen_purchase(uuid,text,numeric,text,date,bigint)                                     gates: staff,uid
DEFINER submit_link_tip(text,text,numeric,text,text,bigint)                                             gates: parent,uid
DEFINER submit_public_application(uuid,text,text,jsonb)                                                 gates: NONE
DEFINER submit_shop_order(text,jsonb,text,text,text,bigint)                                             gates: parent,uid
DEFINER sync_camp_billing(uuid,jsonb,jsonb,jsonb,jsonb)                                                 gates: staff,section,uid
DEFINER unmatch_bank_deposit(uuid,uuid)                                                                 gates: uid
DEFINER use_family_card_for_canteen_auto_reload(uuid,text,text,bigint)                                  gates: parent,uid
DEFINER verify_camp_billing_projection(uuid)                                                            gates: NONE
DEFINER verify_camp_families(uuid)                                                                      gates: NONE
DEFINER verify_camp_payments(uuid)                                                                      gates: NONE
DEFINER verify_camper_attribution()                                                                     gates: NONE
DEFINER verify_canteen_accounts(uuid)                                                                   gates: NONE
DEFINER verify_canteen_archive(uuid)                                                                    gates: NONE
DEFINER verify_canteen_identity()                                                                       gates: NONE
DEFINER verify_canteen_ledger_reader()                                                                  gates: NONE
DEFINER verify_canteen_read_swap(uuid)                                                                  gates: NONE
DEFINER verify_canteen_rows_for_edge()                                                                  gates: NONE
DEFINER verify_families_read_swap(uuid)                                                                 gates: NONE
DEFINER verify_family_card_autoreload(uuid)                                                             gates: NONE
DEFINER verify_family_identity()                                                                        gates: NONE
DEFINER verify_ledger_projection(uuid)                                                                  gates: NONE
DEFINER verify_no_finance_payments_readers()                                                            gates: NONE
DEFINER verify_office_canteen_writers(uuid)                                                             gates: NONE
DEFINER verify_payment_writes(uuid)                                                                     gates: NONE
DEFINER verify_payments_read_swap(uuid)                                                                 gates: NONE
DEFINER verify_person_references()                                                                      gates: NONE
DEFINER verify_renamed_accounts_are_safe(uuid)                                                          gates: NONE
DEFINER verify_shop_settlement_gate()                                                                   gates: NONE
