A. Refund All + a single refund of Avi at once ($20 left of a $50 top-up)
  ok  stripe   $20 single-first, 2nd lands at view      → money back $20.0000000000000000, wallet $0.00, holds [posted $20.00], ledger lines 1 | 1st: ERROR: The wallet changed while this refund was being made — another refund or a sale took the money first. Nothing m | 2nd: Refund All: $20, refunded 1, failed 0, skipped 0
  ok  stripe   $20 single-first, 2nd lands at reserve   → money back $20.0000000000000000, wallet $0.00, holds [posted $20.00], ledger lines 1 | 1st: $20 | 2nd: Refund All: $0, refunded 0, failed 0, skipped 0
  ok  stripe   $20 single-first, 2nd lands at processor → money back $20.0000000000000000, wallet $0.00, holds [posted $20.00], ledger lines 1 | 1st: $20 | 2nd: Refund All: $0, refunded 0, failed 0, skipped 0
  ok  stripe   $20 all-first, 2nd lands at view      → money back $20.0000000000000000, wallet $0.00, holds [posted $20.00], ledger lines 1 | 1st: Refund All: $0, refunded 0, failed 0, skipped 1 [the balance changed during the run (another refund or a sale took it)] | 2nd: $20
  ok  stripe   $20 all-first, 2nd lands at reserve   → money back $20.0000000000000000, wallet $0.00, holds [posted $20.00], ledger lines 1 | 1st: Refund All: $20, refunded 1, failed 0, skipped 0 | 2nd: ERROR: A refund of $20.00 of this child's money is already on its way to the parent (Refund All, or another computer)
  ok  stripe   $20 all-first, 2nd lands at processor → money back $20.0000000000000000, wallet $0.00, holds [posted $20.00], ledger lines 1 | 1st: Refund All: $20, refunded 1, failed 0, skipped 0 | 2nd: ERROR: A refund of $20.00 of this child's money is already on its way to the parent (Refund All, or another computer)
  ok  stripe   $10 single-first, 2nd lands at view      → money back $20.0000000000000000, wallet $0.00, holds [posted $20.00], ledger lines 1 | 1st: ERROR: The wallet changed while this refund was being made — another refund or a sale took the money first. Nothing m | 2nd: Refund All: $20, refunded 1, failed 0, skipped 0
  ok  stripe   $10 single-first, 2nd lands at reserve   → money back $20.0000000000000000, wallet $0.00, holds [posted $10.00, posted $10.00], ledger lines 2 | 1st: $10 | 2nd: Refund All: $10, refunded 1, failed 0, skipped 0
  ok  stripe   $10 single-first, 2nd lands at processor → money back $20.0000000000000000, wallet $0.00, holds [posted $10.00, posted $10.00], ledger lines 2 | 1st: $10 | 2nd: Refund All: $10, refunded 1, failed 0, skipped 0
  ok  stripe   $10 all-first, 2nd lands at view      → money back $20.0000000000000000, wallet $0.00, holds [posted $10.00, posted $10.00], ledger lines 2 | 1st: Refund All: $10, refunded 1, failed 0, skipped 0 | 2nd: $10
  ok  stripe   $10 all-first, 2nd lands at reserve   → money back $20.0000000000000000, wallet $0.00, holds [posted $20.00], ledger lines 1 | 1st: Refund All: $20, refunded 1, failed 0, skipped 0 | 2nd: ERROR: A refund of $20.00 of this child's money is already on its way to the parent (Refund All, or another computer)
  ok  stripe   $10 all-first, 2nd lands at processor → money back $20.0000000000000000, wallet $0.00, holds [posted $20.00], ledger lines 1 | 1st: Refund All: $20, refunded 1, failed 0, skipped 0 | 2nd: ERROR: A refund of $20.00 of this child's money is already on its way to the parent (Refund All, or another computer)
  ok  cardknox $20 single-first, 2nd lands at view      → money back $20.0000000000000000, wallet $0.00, holds [posted $20.00], ledger lines 1 | 1st: ERROR: The wallet changed while this refund was being made — another refund or a sale took the money first. Nothing m | 2nd: Refund All: $20, refunded 1, failed 0, skipped 0
  ok  cardknox $20 single-first, 2nd lands at reserve   → money back $20.0000000000000000, wallet $0.00, holds [posted $20.00], ledger lines 1 | 1st: $20 | 2nd: Refund All: $0, refunded 0, failed 0, skipped 0
  ok  cardknox $20 single-first, 2nd lands at processor → money back $20.0000000000000000, wallet $0.00, holds [posted $20.00], ledger lines 1 | 1st: $20 | 2nd: Refund All: $0, refunded 0, failed 0, skipped 0
  ok  cardknox $20 all-first, 2nd lands at view      → money back $20.0000000000000000, wallet $0.00, holds [posted $20.00], ledger lines 1 | 1st: Refund All: $0, refunded 0, failed 0, skipped 1 [the balance changed during the run (another refund or a sale took it)] | 2nd: $20
  ok  cardknox $20 all-first, 2nd lands at reserve   → money back $20.0000000000000000, wallet $0.00, holds [posted $20.00], ledger lines 1 | 1st: Refund All: $20, refunded 1, failed 0, skipped 0 | 2nd: ERROR: A refund of $20.00 of this child's money is being sent right now (Refund All, or another computer). Wait a mom
  ok  cardknox $20 all-first, 2nd lands at processor → money back $20.0000000000000000, wallet $0.00, holds [posted $20.00], ledger lines 1 | 1st: Refund All: $20, refunded 1, failed 0, skipped 0 | 2nd: ERROR: A refund of $20.00 of this child's money is being sent right now (Refund All, or another computer). Wait a mom
  ok  cardknox $10 single-first, 2nd lands at view      → money back $20.0000000000000000, wallet $0.00, holds [posted $20.00], ledger lines 1 | 1st: ERROR: The wallet changed while this refund was being made — another refund or a sale took the money first. Nothing m | 2nd: Refund All: $20, refunded 1, failed 0, skipped 0
  ok  cardknox $10 single-first, 2nd lands at reserve   → money back $20.0000000000000000, wallet $0.00, holds [posted $10.00, posted $10.00], ledger lines 2 | 1st: $10 | 2nd: Refund All: $10, refunded 1, failed 0, skipped 0
  ok  cardknox $10 single-first, 2nd lands at processor → money back $20.0000000000000000, wallet $0.00, holds [posted $10.00, posted $10.00], ledger lines 2 | 1st: $10 | 2nd: Refund All: $10, refunded 1, failed 0, skipped 0
  ok  cardknox $10 all-first, 2nd lands at view      → money back $20.0000000000000000, wallet $0.00, holds [posted $10.00, posted $10.00], ledger lines 2 | 1st: Refund All: $10, refunded 1, failed 0, skipped 0 | 2nd: $10
  ok  cardknox $10 all-first, 2nd lands at reserve   → money back $20.0000000000000000, wallet $0.00, holds [posted $20.00], ledger lines 1 | 1st: Refund All: $20, refunded 1, failed 0, skipped 0 | 2nd: ERROR: A refund of $20.00 of this child's money is being sent right now (Refund All, or another computer). Wait a mom
  ok  cardknox $10 all-first, 2nd lands at processor → money back $20.0000000000000000, wallet $0.00, holds [posted $20.00], ledger lines 1 | 1st: Refund All: $20, refunded 1, failed 0, skipped 0 | 2nd: ERROR: A refund of $20.00 of this child's money is being sent right now (Refund All, or another computer). Wait a mom
B. A $15 canteen sale lands after Refund All read the balances ($20 left)
  ok  stripe   → money back $5.0000000000000000, wallet $0.00 | Refund All: $5, refunded 1, failed 0, skipped 0
  ok  cardknox → money back $5.0000000000000000, wallet $0.00 | Refund All: $5, refunded 1, failed 0, skipped 0
C. Cardknox: Refund All, the card company refunds Avi $20 but the answer is lost
  run 1 → Refund All: $0, refunded 0, failed 1, skipped 0 [The card company did not answer, so this camper's refund may or may not have gone through — check the processor's dashbo] | money back $20.0000000000000000, wallet $0.00, holds [open $20.00], ledger refund lines 0
  a day later, Refund All again → Refund All: $0, refunded 0, failed 1, skipped 0 [An earlier refund of $20.00 for this child was never confirmed by the card company — check the processor's dashboard, th] | wallet $0.00, holds [open $20.00]
  what Snacks shows for Avi: balance $0 → the Refund box's maximum is min(balance − floor, capacity) = $0 → Refund button disabled
  single refund $20 sent anyway (a page can't: max is $0) → UNCERTAIN: An earlier refund of $20.00 of this child's money was never confirmed by the card company, so it is held off t (server offers confirmHolds ["canteen:X27top:5000:2000"]) | wallet $0.00, holds [open $20.00]
D. Cardknox: $20 of Avi's $50 refunded, answer lost (it did NOT go through*), office reloads Snacks and refunds $20 again
  press 1 → UNCERTAIN: The card company did not answer, so a canteen refund may or may not have gone through. Check the processor's d | money back $0.00000000000000000000, wallet $30.00, holds [open $20.00]
  after a reload (new key), $20 again → $20 | money back $20.0000000000000000, wallet $10.00 (should be $30), holds [open $20.00, posted $20.00]
  later: refund the rest the page shows ($0.00 + nothing held shown) → $10 — Refunded $10.00. An earlier refund of $20.00 of this child's money was never confirmed by the card company, so it is hel | money back $30.0000000000000000 of the $50 topped up, wallet $0.00, holds [open $20.00, posted $20.00, posted $10.00]
E1 $100 top-up, $50 left: Refund All refunds Avi, answer lost; Stripe made it. The next Refund All is 25 hours later.
  run 1 → Refund All: $0, refunded 0, failed 1, skipped 0 [Stripe did not answer, so this child's refund may have gone through — check the Stripe dashboard; it is asked again on t] | money back $50.0000000000000000, wallet $0.00, holds [open $50.00]
  run 2 (key pruned) → Refund All: $0, refunded 0, failed 0, skipped 0 | money back to the parent $100.0000000000000000 (their child had $50), wallet now $0.00, holds [posted $50.00], ledger refund lines 1
  Stripe refunds made: re_36 $50.0000000000000000, re_37 $50.0000000000000000
E2 $20 top-up, $20 left: Refund All refunds Avi, answer lost; Stripe made it. The next Refund All is 25 hours later.
  run 1 → Refund All: $0, refunded 0, failed 1, skipped 0 [Stripe did not answer, so this child's refund may have gone through — check the Stripe dashboard; it is asked again on t] | money back $20.0000000000000000, wallet $0.00, holds [open $20.00]
  run 2 (key pruned) → Refund All: $0, refunded 0, failed 1, skipped 0 [Charge pi_30top has already been refunded.] | money back to the parent $20.0000000000000000 (their child had $20), wallet now $20.00, holds [released $20.00], ledger refund lines 0
  Stripe refunds made: re_38 $20.0000000000000000
F. stripe   two deliberate $20 refunds (page keys) → 1st $20 | 2nd $20 | money back $40.0000000000000000, wallet $10.00 (want $40 / $10), ledger refund lines 2
F. stripe   two deliberate $20 refunds (no page key) → 1st $20 | 2nd $20 | money back $40.0000000000000000, wallet $10.00 (want $40 / $10), ledger refund lines 2
F. cardknox two deliberate $20 refunds (page keys) → 1st $20 | 2nd $20 | money back $40.0000000000000000, wallet $10.00 (want $40 / $10), ledger refund lines 2
F. cardknox two deliberate $20 refunds (no page key) → 1st $20 | 2nd $20 | money back $40.0000000000000000, wallet $10.00 (want $40 / $10), ledger refund lines 2
