TAP version 13
# Subtest: TED-075: two top-up checks at once charge the parent's card once
ok 1 - TED-075: two top-up checks at once charge the parent's card once
  ---
  duration_ms: 383.742693
  type: 'test'
  ...
# Subtest: a declined reload gives the claim back, so a later check can try again
ok 2 - a declined reload gives the claim back, so a later check can try again
  ---
  duration_ms: 366.18387
  type: 'test'
  ...
# Subtest: TED-085: a retry after a declined reload is a new Stripe request, not a replay of the decline
ok 3 - TED-085: a retry after a declined reload is a new Stripe request, not a replay of the decline
  ---
  duration_ms: 160.644815
  type: 'test'
  ...
# Subtest: TED-085: a reload Stripe left unfinished gives its slot back and counts as a failure
ok 4 - TED-085: a reload Stripe left unfinished gives its slot back and counts as a failure
  ---
  duration_ms: 360.552321
  type: 'test'
  ...
# Subtest: TED-094: a Stripe server error is not a decline — the retry repeats the same key
ok 5 - TED-094: a Stripe server error is not a decline — the retry repeats the same key
  ---
  duration_ms: 175.218938
  type: 'test'
  ...
1..5
# tests 5
# suites 0
# pass 5
# fail 0
# cancelled 0
# skipped 0
# todo 0
# duration_ms 1529.721494
