
> daily-camp-schedular@0.0.0 test:smoke
> node tests/money_path.e2e.js && node tests/snacks_refund_windows.e2e.js

postgres up with 126 migrations applied

1. the Me page resolves this camp and this role from the database
  ok   the camp id comes back from the camps row   → 51000000-0000-0000-0000-0000000000c1
  ok   the role is owner, verified against the DB rather than cached   → owner verified=true

2. a camper is added on the Me page and saved
  ok   the camper has a person row, with an id   → [{"person_id":1,"name":"Shaya Brickman","source_key":"Shaya Brickman","deleted_at":null}]
  ok   the roster carries the same camper id the projection assigned   → roster=1 camp_people=1
  ok   a family row exists for the new camper   → [{"family_key":"fam_brickman_1","name":"Brickman Family"}]

3. the canteen desk takes a $40 deposit
  ok   canteen_office_credit accepted the deposit   → {"amount":40,"camper":"Shaya Brickman","balance":40,"success":true,"camperId":1}
  ok   the canteen account holds the deposit   → balance=40
  ok   the canteen account is joined to the PERSON, not just the name   → account.person_id=1 camp_people=1
  ok   the deposit is a row in the ledger, not only a balance   → [{"amount":40,"camper_id":"1","kind":"deposit","method":"cash"}]
  ok   the ledger row carries the camper's person id   → camper_id=1
  ok   the ledger row says how it was paid   → deposit/cash

4. the register charges $2.5 through submit_canteen_purchase
  ok   the register went through the server, not the offline fallback   → ok
  ok   the register sends the camper id with the charge   → args=p_camp_id,p_camper_name,p_amount,p_items,p_date,p_camper_id
  ok   exactly one debit, for the price of the item   → [{"amount":2.5,"camper_id":"1","items":"Ices"}]
  ok   the debit is on the same person as the deposit   → camper_id=1
  ok   the balance is the deposit less the purchase   → balance=37.5 expected=37.5

4b. the offline register is loaded with the live balance, and its sale comes back
  ok   the export carries the LIVE balance, read from the rows   → balance=37.5
  ok   the export carries the camper id   → camperId=1
  ok   canteen_office_import_offline took the sale   → {"campers":{"Shaya Brickman":{"balance":35.25,"camperId":1}},"refused":[],"success":true,"imported":1,"duplicates":0}
  ok   the same file again is recognised, not charged twice   → {"campers":{},"refused":[],"success":true,"imported":0,"duplicates":1}
  ok   one offline sale in the ledger, on the same person   → [{"amount":2.25,"camper_id":"1"}]
  ok   the balance is down by the offline sale, once   → balance=35.25

5. a Camp Shop order is charged to the family’s camp bill
  ok   settle_shop_order ran without a SQL error   → ok
  ok   settle_shop_order reports success   → {"amount":18,"method":"bill","balance":null,"success":true,"camperId":1,"familyKey":"fam_brickman_1","previousAmount":0,"previousMethod":"none"}
  ok   the family has exactly one charge   → [{"id":"shop_ord_1790232038912_9400","date":"2026-09-24","amount":18,"category":"Camp Shop","timestamp":1790232038933,"description":"Camp Shop order — Shaya Brickman","shopOrderId":"ord_1790232038912_9400"}]
  ok   the charge is the price of the shirt   → 18
  ok   the charge says what it was for   → {"id":"shop_ord_1790232038912_9400","date":"2026-09-24","amount":18,"category":"Camp Shop","timestamp":1790232038933,"de

6. the harness answered everything the pages asked for
  ok   no Supabase call fell through unimplemented
  ok   no call came back with a database error
  ok   every call that named a camper also sent the camper id   → 3 calls named a camper
  ok   no uncaught page errors
  ok   the Me page does not re-fetch the ledger without end   → get_camp_payments=4 get_camp_families=4

113 Supabase calls went through the bridge

All 32 assertions passed.
postgres up with 126 migrations applied

0. A camper with $40 in cash and $25 paid through Sola
  ok   the Sola deposit was credited   → {"balance":65,"success":true,"rosterVerified":false}

1. Snacks → Accounts → Refund All, on a Sola camp with one unanswered refund
  ok   no page error from the click   → []
  ok   the Refund All window opens
  ok   it counts the Sola-paid money only: 1 camper, $25.00, through Sola   → "This will refund 1 camper, totaling approximately $25.00 through Sola — sent back to whatever each parent originally paid with.Only deposits paid through Sola are included. A balance that came from a "
  ok   the button offers exactly that   → "Refund All ($25.00)"
  ok   the unanswered refund is listed, by name without the number   → "A refund is waiting for an answer from the card companyIts money is held off the wallet until it is settled — it may already be with the parent.Avi Katz: $20.00, sent 10 min ago — check your processor"
  ok   with both answers   → ["It went through","Nothing went through"]

2. The Refund button on the child's row, with the same unanswered refund
  ok   the row has a Refund button   → "openMFor('refund','refundCamper','Avi Katz')"
  ok   no page error drawing the window   → []
  ok   the Refund window is open
  ok   "waiting for an answer" is shown for this child   → "A refund is waiting for an answer from the card companyIts money is held off the wallet until it is settled — it may already be with the parent.Avi Katz: $20.00, sent 10 min ago — check your processor"
  ok   with "It went through" and "Nothing went through"   → ["It went through","Nothing went through"]
  ok   the box offers the Sola-paid $25.00   → "Available to refund via Sola: $25.00$40.00 of this balance came from a cash/manual deposit (or a different processor) — refund that portion separately, it can't go through Sola."
  ok   the answer goes to payments-canteen-refund for that hold   → [{"fn":"payments-canteen-refund","body":{"action":"resolveHold","holdKey":"canteen:cref_x:RN1","wentThrough":false}}]
  ok   "It went through" sends the reference the office typed   → [{"fn":"payments-canteen-refund","body":{"action":"resolveHold","holdKey":"canteen:cref_x:RN1","wentThrough":true,"reference":"SOLA-REF-9"}}]
  ok   no page error from either answer   → []

3. Take Out Cash: $5 to the child
  ok   one $5 cash-out row in the database   → [{"amount":5}]
  ok   no page error from the payout   → []
  ok   the office is told "Paid out $5.00 cash to Avi Katz"   → ["Paid out $5.00 cash to Avi Katz"]
  ok   the amount box is cleared

4. Stripe camp, nobody with Stripe money left, one Stripe refund waiting
  ok   no page error   → []
  ok   it asks the Stripe function for the waiting refunds   → ["stripe-canteen-refund"]
  ok   it says nobody has Stripe money to refund   → "No campers currently have a Stripe-paid balance to refund."
  ok   the waiting Stripe refund is listed   → "A refund is waiting for an answer from the card companyIts money is held off the wallet until it is settled — it may already be with the parent.Avi Katz: $20.00, sent 15 min ago — looked up in Stripe "
  ok   and there is still a button to look it up   → "Look up the waiting refunds in Stripe"
  ok   pressing it runs Refund All, which looks the refund up in Stripe

26/26 checks passed
